C51 COMPILER V9.60.0.0   MAIN                                                              09/21/2021 03:09:01 PAGE 1   


C51 COMPILER V9.60.0.0, COMPILATION OF MODULE MAIN
OBJECT MODULE PLACED IN .\Objects\main.obj
COMPILER INVOKED BY: C:\Keil_v5\C51\BIN\C51.EXE main.c OPTIMIZE(8,SPEED) BROWSE DEBUG OBJECTEXTEND PRINT(.\Listings\main
                    -.lst) TABS(2) OBJECT(.\Objects\main.obj)

line level    source

   1          #include "STC8Gxx.h"
   2          #include "intrins.h"
   3          
   4          #define EN3V3   P32
   5          #define KEY1    P33
   6          #define LED1    P54
   7          #define PWM_OUT P55
   8          #define PWM_T   40000
   9          
  10          unsigned int T_h = 2000;
  11          unsigned int T_l = 38000;
  12          unsigned char mode = 0;
  13          unsigned int inactive_cnt = 0;
  14          
  15          void setPulsewidth(float pw)
  16          {
  17   1        T_h = (pw - 1.0) * 2000 + 2000;
  18   1        T_l = PWM_T - T_h;
  19   1        T_h = 65536 - T_h;
  20   1        T_l = 65536 - T_l;
  21   1      }
  22          
  23          void Timer0Init(void)   //20毫秒@24.000MHz
  24          {
  25   1        AUXR &= 0x7F;   //定时器时钟12T模式
  26   1        TMOD &= 0xF0;   //设置定时器模式
  27   1        TL0 = T_l;
  28   1        TH0 = T_l >> 8;
  29   1        TF0 = 0;        //清除TF0标志
  30   1        TR0 = 1;        //定时器0开始计时
  31   1        ET0 = 1;        //使能定时器中断
  32   1      }
  33          void TM0_Isr() interrupt 1
  34          { 
  35   1        static unsigned char k = 0;
  36   1        if(k == 0)
  37   1        {
  38   2          k = 1;
  39   2          TL0 = T_h;
  40   2          TH0 = T_h >> 8;
  41   2          PWM_OUT = 0;
  42   2        }
  43   1        else
  44   1        {
  45   2          k = 0;
  46   2          TL0 = T_l;
  47   2          TH0 = T_l >> 8;
  48   2          PWM_OUT = 1;
  49   2        }
  50   1      }
  51          void Timer1Init(void)   //10毫秒@24.000MHz
  52          {
  53   1        AUXR &= 0xBF;   //定时器时钟12T模式
  54   1        TMOD &= 0x0F;   //设置定时器模式
C51 COMPILER V9.60.0.0   MAIN                                                              09/21/2021 03:09:01 PAGE 2   

  55   1        TL1 = 0xE0;   //设置定时初始值
  56   1        TH1 = 0xB1;   //设置定时初始值
  57   1        TF1 = 0;    //清除TF1标志
  58   1        TR1 = 1;    //定时器1开始计时
  59   1        ET1 = 1;
  60   1      }
  61          void TM1_Isr() interrupt 3
  62          {
  63   1        if(inactive_cnt++ == 30000)
  64   1        {
  65   2          KEY1 = 0;
  66   2          mode = 3;
  67   2        }
  68   1      }
  69          void INT4_Isr() interrupt 16
  70          {
  71   1        IAP_CONTR = 0x60;
  72   1      }
  73          void INT1_Isr() interrupt 2
  74          {
  75   1      }
  76          void Delay100ms()   //@24.000MHz
  77          {
  78   1        unsigned char i, j, k;
  79   1      
  80   1        _nop_();
  81   1        _nop_();
  82   1        i = 10;
  83   1        j = 31;
  84   1        k = 147;
  85   1        do
  86   1        {
  87   2          do
  88   2          {
  89   3            while (--k);
  90   3          } while (--j);
  91   2        } while (--i);
  92   1      }
  93          void main()
  94          {
  95   1        P3M0 = 0x00;
  96   1        P3M1 = 0x00;
  97   1        P5M0 = 0x10;
  98   1        P5M1 = 0x00;
  99   1        EN3V3 = 1;
 100   1        KEY1 = 1;
 101   1        LED1 = 0;
 102   1        PWM_OUT = 0;
 103   1        IT1 = 1;                                    //INT1下降沿中断
 104   1        EX1 = 1;                                    //使能INT1中断
 105   1        INTCLKO = 0x40;                             //使能INT4中断
 106   1        Timer0Init();
 107   1        Timer1Init();
 108   1        setPulsewidth(1.0);
 109   1        mode = 0;
 110   1        EA = 1;
 111   1        while(1)
 112   1        {
 113   2          Delay100ms();
 114   2          if(KEY1 == 0)
 115   2          {
 116   3            mode++;
C51 COMPILER V9.60.0.0   MAIN                                                              09/21/2021 03:09:01 PAGE 3   

 117   3            inactive_cnt = 0;
 118   3            if(mode == 1)
 119   3              setPulsewidth(1.3);
 120   3            else if(mode == 2)
 121   3              setPulsewidth(1.6);
 122   3            else if(mode == 3)
 123   3              setPulsewidth(1.9);
 124   3            else
 125   3            {
 126   4              setPulsewidth(1.0);
 127   4              EN3V3 = 0;
 128   4              LED1 = 1;
 129   4              KEY1 = 1;
 130   4              PCON = 0x02;
 131   4              _nop_();
 132   4              IAP_CONTR = 0x60;
 133   4            }
 134   3            while(KEY1 == 0);
 135   3          }
 136   2          
 137   2        }
 138   1      }


MODULE INFORMATION:   STATIC OVERLAYABLE
   CODE SIZE        =    334    ----
   CONSTANT SIZE    =   ----    ----
   XDATA SIZE       =   ----    ----
   PDATA SIZE       =   ----    ----
   DATA SIZE        =      8       4
   IDATA SIZE       =   ----    ----
   BIT SIZE         =   ----    ----
END OF MODULE INFORMATION.


C51 COMPILATION COMPLETE.  0 WARNING(S),  0 ERROR(S)
